../Drivers/CMSIS/Include/core_cm3.h:1876:26:ITM_SendChar	16	static,ignoring_inline_asm
../Core/Src/main.c:73:5:_write	32	static
../Core/Src/main.c:87:6:alertLED	16	static
../Core/Src/main.c:107:5:main	8	static
../Core/Src/main.c:191:6:SystemClock_Config	88	static
../Core/Src/main.c:239:13:MX_I2C2_Init	8	static
../Core/Src/main.c:273:13:MX_RTC_Init	16	static
../Core/Src/main.c:331:13:MX_SPI1_Init	8	static
../Core/Src/main.c:369:13:MX_GPIO_Init	40	static
../Core/Src/main.c:393:6:PinInit	24	static
../Core/Src/main.c:413:6:MuaLed	16	static
../Core/Src/main.c:424:6:EnterStandBy	8	static
../Core/Src/main.c:444:6:RTC_Init	16	static
../Core/Src/main.c:513:6:KIET_configure_rtc_register	8	static
../Core/Src/main.c:566:6:KIET_reset_rtc_register	8	static
../Core/Src/main.c:584:6:Error_Handler	4	static,ignoring_inline_asm
