../Drivers/CMSIS/Include/core_cm3.h:1876:26:ITM_SendChar	16	static,ignoring_inline_asm
../Core/Src/main.c:74:5:_write	32	static
../Core/Src/main.c:88:6:alertLED	16	static
../Core/Src/main.c:108:5:main	8	static
../Core/Src/main.c:208:6:SystemClock_Config	88	static
../Core/Src/main.c:256:13:MX_I2C2_Init	8	static
../Core/Src/main.c:290:13:MX_RTC_Init	16	static
../Core/Src/main.c:348:13:MX_SPI1_Init	8	static
../Core/Src/main.c:386:13:MX_GPIO_Init	40	static
../Core/Src/main.c:410:6:PinInit	24	static
../Core/Src/main.c:430:6:MuaLed	16	static
../Core/Src/main.c:441:6:EnterStandBy	8	static
../Core/Src/main.c:451:6:SetAlarm	16	static
../Core/Src/main.c:463:6:RTC_Init	16	static
../Core/Src/main.c:533:6:KIET_configure_rtc_register	8	static
../Core/Src/main.c:589:6:revise	8	static
../Core/Src/main.c:630:6:KIET_reset_rtc_register	8	static
../Core/Src/main.c:740:6:Error_Handler	4	static,ignoring_inline_asm
